// Jest Snapshot v1, https://goo.gl/fbAQLP

exports[`InitialScreen snapShot renders as expected 1`] = `
<View
  style={
    Object {
      "alignItems": "center",
      "backgroundColor": "#fefefe",
      "flex": 1,
      "justifyContent": "center",
      "width": "100%",
    }
  }
>
  <Text
    accessible={true}
    allowFontScaling={true}
    ellipsizeMode="tail"
    style={
      Object {
        "color": "#D14DAE",
        "fontSize": 22,
        "marginBottom": 10,
      }
    }
  />
  <View
    accessible={true}
    isTVSelectable={true}
    onResponderGrant={[Function]}
    onResponderMove={[Function]}
    onResponderRelease={[Function]}
    onResponderTerminate={[Function]}
    onResponderTerminationRequest={[Function]}
    onStartShouldSetResponder={[Function]}
    style={
      Object {
        "alignItems": "center",
        "opacity": 1,
        "width": 200,
      }
    }
  >
    <View
      colors={
        Array [
          "#D14DAE",
          "#ed569b",
          "#fb6885",
          "#fb7775",
          "#f58c86",
        ]
      }
      end={
        Object {
          "x": 1,
          "y": 1,
        }
      }
      start={
        Object {
          "x": 0,
          "y": 1,
        }
      }
      style={
        Object {
          "alignItems": "center",
          "borderRadius": 50,
          "height": 48,
          "justifyContent": "center",
          "margin": 10,
          "width": 200,
        }
      }
    >
      <Text
        accessible={true}
        allowFontScaling={true}
        ellipsizeMode="tail"
        style={
          Object {
            "color": "#ffffff",
            "fontSize": 18,
            "marginLeft": 1,
            "marginRight": 1,
            "padding": 15,
            "textAlign": "center",
            "width": 198,
          }
        }
      >
        START
      </Text>
    </View>
  </View>
</View>
`;
